---
source: crates/codegen/xai-grok-pager/src/app/status_blocks.rs
expression: text
---
Session usage (since start or last resume):
  Input tokens:   1,235k (1,000k cached)
  Output tokens:  45.7k (12k reasoning)
  Total tokens:   1,280k
  Model calls:    42 · API time: 3m12s
  Cost:           $1.2345
